[abhiram@localhost ~]$ whoami
abhiram
[abhiram@localhost ~]$ 
[abhiram@localhost ~]$ 
[abhiram@localhost ~]$ pwd
/home/abhiram
[abhiram@localhost ~]$ 
[abhiram@localhost ~]$ 
[abhiram@localhost ~]$ ls
Desktop  Documents  Downloads  Music  Pictures  Public  Templates  Videos
[abhiram@localhost ~]$ 
[abhiram@localhost ~]$ 
[abhiram@localhost ~]$ cd Desktop
[abhiram@localhost Desktop]$ 
[abhiram@localhost Desktop]$ 
[abhiram@localhost Desktop]$ touch abhi.txt
[abhiram@localhost Desktop]$ 
[abhiram@localhost Desktop]$ 
[abhiram@localhost Desktop]$ ls
abhiram.txt  abhi.txt  linux-centos9
[abhiram@localhost Desktop]$ 
[abhiram@localhost Desktop]$ 
[abhiram@localhost Desktop]$ ls -l
total 8
-rw-r--r--. 1 abhiram abhiram   65 Nov 15 17:58 abhiram.txt
-rw-r--r--. 1 abhiram abhiram    0 Nov 16 15:58 abhi.txt
drwxr-xr-x. 3 abhiram abhiram 4096 Nov 15 14:05 linux-centos9
[abhiram@localhost Desktop]$ 
[abhiram@localhost Desktop]$ 
[abhiram@localhost Desktop]$ ls -ltr
total 8
drwxr-xr-x. 3 abhiram abhiram 4096 Nov 15 14:05 linux-centos9
-rw-r--r--. 1 abhiram abhiram   65 Nov 15 17:58 abhiram.txt
-rw-r--r--. 1 abhiram abhiram    0 Nov 16 15:58 abhi.txt
[abhiram@localhost Desktop]$ 
[abhiram@localhost Desktop]$ 
[abhiram@localhost Desktop]$ vi abhi.txt
[abhiram@localhost Desktop]$ 
[abhiram@localhost Desktop]$ 
[abhiram@localhost Desktop]$ cat abhi.txt
Abhiram
Javalli
Tudoor
Thirthahalli
Shimoga
[abhiram@localhost Desktop]$ 
[abhiram@localhost Desktop]$ 
[abhiram@localhost Desktop]$
[abhiram@localhost Desktop]$ vi anju.txt
[abhiram@localhost Desktop]$ 
[abhiram@localhost Desktop]$ 
[abhiram@localhost Desktop]$ cat anju.txt
Anjan
Balekoppa
N R Pura
Chikkamagaluru
[abhiram@localhost Desktop]$ 
[abhiram@localhost Desktop]$ 
[abhiram@localhost Desktop]$ ls
abhiram.txt  abhi.txt  anju.txt  linux-centos9
[abhiram@localhost Desktop]$ 
[abhiram@localhost Desktop]$ 
[abhiram@localhost Desktop]$ ls -l
total 16
-rw-r--r--. 1 abhiram abhiram   65 Nov 15 17:58 abhiram.txt
-rw-r--r--. 1 abhiram abhiram   44 Nov 16 15:59 abhi.txt
-rw-r--r--. 1 abhiram abhiram   40 Nov 16 16:04 anju.txt
drwxr-xr-x. 3 abhiram abhiram 4096 Nov 15 14:05 linux-centos9
[abhiram@localhost Desktop]$ 
[abhiram@localhost Desktop]$ 
[abhiram@localhost Desktop]$ ls -ltr
total 16
drwxr-xr-x. 3 abhiram abhiram 4096 Nov 15 14:05 linux-centos9
-rw-r--r--. 1 abhiram abhiram   65 Nov 15 17:58 abhiram.txt
-rw-r--r--. 1 abhiram abhiram   44 Nov 16 15:59 abhi.txt
-rw-r--r--. 1 abhiram abhiram   40 Nov 16 16:04 anju.txt
[abhiram@localhost Desktop]$ 
[abhiram@localhost Desktop]$ 
[abhiram@localhost Desktop]$ 
[abhiram@localhost Desktop]$ cp anju.txt anushree.txt
[abhiram@localhost Desktop]$ 
[abhiram@localhost Desktop]$ 
[abhiram@localhost Desktop]$ ls
abhiram.txt  abhi.txt  anju.txt  anushree.txt  linux-centos9
[abhiram@localhost Desktop]$ 
[abhiram@localhost Desktop]$ 
[abhiram@localhost Desktop]$ ls -l
total 20
-rw-r--r--. 1 abhiram abhiram   65 Nov 15 17:58 abhiram.txt
-rw-r--r--. 1 abhiram abhiram   44 Nov 16 15:59 abhi.txt
-rw-r--r--. 1 abhiram abhiram   40 Nov 16 16:04 anju.txt
-rw-r--r--. 1 abhiram abhiram   40 Nov 16 16:16 anushree.txt
drwxr-xr-x. 3 abhiram abhiram 4096 Nov 15 14:05 linux-centos9
[abhiram@localhost Desktop]$ 
[abhiram@localhost Desktop]$ 
[abhiram@localhost Desktop]$ ls -ltr
total 20
drwxr-xr-x. 3 abhiram abhiram 4096 Nov 15 14:05 linux-centos9
-rw-r--r--. 1 abhiram abhiram   65 Nov 15 17:58 abhiram.txt
-rw-r--r--. 1 abhiram abhiram   44 Nov 16 15:59 abhi.txt
-rw-r--r--. 1 abhiram abhiram   40 Nov 16 16:04 anju.txt
-rw-r--r--. 1 abhiram abhiram   40 Nov 16 16:16 anushree.txt
[abhiram@localhost Desktop]$ 
[abhiram@localhost Desktop]$ 
[abhiram@localhost Desktop]$ 
[abhiram@localhost Desktop]$ cat anushree.txt
Anjan
Balekoppa
N R Pura
Chikkamagaluru
[abhiram@localhost Desktop]$ 
[abhiram@localhost Desktop]$ 
[abhiram@localhost Desktop]$ vi anushree.txt
[abhiram@localhost Desktop]$ 
[abhiram@localhost Desktop]$ 
[abhiram@localhost Desktop]$ cat anushree.txt
Anushree
Balekoppa
N R Pura
Chikkamagaluru
[abhiram@localhost Desktop]$ 
[abhiram@localhost Desktop]$ 
[abhiram@localhost Desktop]$ 
[abhiram@localhost Desktop]$ touch venkatesh.txt krishna.txt sarita.txt surabi.txt manu.txt anurada.txt
[abhiram@localhost Desktop]$ 
[abhiram@localhost Desktop]$ 
[abhiram@localhost Desktop]$ ls
abhiram.txt  anurada.txt   linux-centos9  surabi.txt
abhi.txt     anushree.txt  manu.txt       venkatesh.txt
anju.txt     krishna.txt   sarita.txt
[abhiram@localhost Desktop]$ 
[abhiram@localhost Desktop]$ 
[abhiram@localhost Desktop]$ ls -l
total 20
-rw-r--r--. 1 abhiram abhiram   65 Nov 15 17:58 abhiram.txt
-rw-r--r--. 1 abhiram abhiram   44 Nov 16 15:59 abhi.txt
-rw-r--r--. 1 abhiram abhiram   40 Nov 16 16:04 anju.txt
-rw-r--r--. 1 abhiram abhiram    0 Nov 16 16:38 anurada.txt
-rw-r--r--. 1 abhiram abhiram   43 Nov 16 16:33 anushree.txt
-rw-r--r--. 1 abhiram abhiram    0 Nov 16 16:38 krishna.txt
drwxr-xr-x. 3 abhiram abhiram 4096 Nov 15 14:05 linux-centos9
-rw-r--r--. 1 abhiram abhiram    0 Nov 16 16:38 manu.txt
-rw-r--r--. 1 abhiram abhiram    0 Nov 16 16:38 sarita.txt
-rw-r--r--. 1 abhiram abhiram    0 Nov 16 16:38 surabi.txt
-rw-r--r--. 1 abhiram abhiram    0 Nov 16 16:38 venkatesh.txt
[abhiram@localhost Desktop]$ 
[abhiram@localhost Desktop]$ 
[abhiram@localhost Desktop]$ ls -ltr
total 20
drwxr-xr-x. 3 abhiram abhiram 4096 Nov 15 14:05 linux-centos9
-rw-r--r--. 1 abhiram abhiram   65 Nov 15 17:58 abhiram.txt
-rw-r--r--. 1 abhiram abhiram   44 Nov 16 15:59 abhi.txt
-rw-r--r--. 1 abhiram abhiram   40 Nov 16 16:04 anju.txt
-rw-r--r--. 1 abhiram abhiram   43 Nov 16 16:33 anushree.txt
-rw-r--r--. 1 abhiram abhiram    0 Nov 16 16:38 venkatesh.txt
-rw-r--r--. 1 abhiram abhiram    0 Nov 16 16:38 surabi.txt
-rw-r--r--. 1 abhiram abhiram    0 Nov 16 16:38 sarita.txt
-rw-r--r--. 1 abhiram abhiram    0 Nov 16 16:38 manu.txt
-rw-r--r--. 1 abhiram abhiram    0 Nov 16 16:38 krishna.txt
-rw-r--r--. 1 abhiram abhiram    0 Nov 16 16:38 anurada.txt
[abhiram@localhost Desktop]$ 
[abhiram@localhost Desktop]$ 
[abhiram@localhost Desktop]$ 
[abhiram@localhost Desktop]$
[abhiram@localhost Desktop]$ cd ..
[abhiram@localhost ~]$ 
[abhiram@localhost ~]$ 
[abhiram@localhost ~]$ ls
Desktop  Documents  Downloads  Music  Pictures  Public  Templates  Videos
[abhiram@localhost ~]$ cd ..
[abhiram@localhost home]$ 
[abhiram@localhost home]$ 
[abhiram@localhost home]$ cd ..
[abhiram@localhost /]$ 
[abhiram@localhost /]$ 
[abhiram@localhost /]$ ls
afs  boot  etc   lib    media  opt   root  sbin  sys  usr
bin  dev   home  lib64  mnt    proc  run   srv   tmp  var
[abhiram@localhost /]$ 
[abhiram@localhost /]$ 
[abhiram@localhost /]$ ls -l
total 24
dr-xr-xr-x.   2 root root    6 Jun 25 19:53 afs
lrwxrwxrwx.   1 root root    7 Jun 25 19:53 bin -> usr/bin
dr-xr-xr-x.   5 root root 4096 Nov 15 15:55 boot
drwxr-xr-x.  20 root root 3320 Nov 16 11:10 dev
drwxr-xr-x. 132 root root 8192 Nov 16 12:41 etc
drwxr-xr-x.   3 root root   21 Nov 15 13:40 home
lrwxrwxrwx.   1 root root    7 Jun 25 19:53 lib -> usr/lib
lrwxrwxrwx.   1 root root    9 Jun 25 19:53 lib64 -> usr/lib64
drwxr-xr-x.   2 root root    6 Jun 25 19:53 media
drwxr-xr-x.   2 root root    6 Jun 25 19:53 mnt
drwxr-xr-x.   3 root root   20 Nov 15 13:50 opt
dr-xr-xr-x. 359 root root    0 Nov 16 11:07 proc
dr-xr-x---.   5 root root  175 Nov 15 18:27 root
drwxr-xr-x.  44 root root 1160 Nov 16 11:14 run
lrwxrwxrwx.   1 root root    8 Jun 25 19:53 sbin -> usr/sbin
drwxr-xr-x.   2 root root    6 Jun 25 19:53 srv
dr-xr-xr-x.  13 root root    0 Nov 16 11:09 sys
drwxrwxrwt.  42 root root 4096 Nov 16 16:45 tmp
drwxr-xr-x.  12 root root  144 Nov 15 13:22 usr
drwxr-xr-x.  20 root root 4096 Nov 15 13:33 var
[abhiram@localhost /]$ 
[abhiram@localhost /]$ 
[abhiram@localhost /]$ cd etc
[abhiram@localhost etc]$ 
[abhiram@localhost etc]$ 
[abhiram@localhost etc]$ touch abhiram.txt
touch: cannot touch 'abhiram.txt': Permission denied
[abhiram@localhost etc]$ 
[abhiram@localhost etc]$ 
[abhiram@localhost etc]$ 