[abhiram@localhost ~]$ whoami
abhiram
[abhiram@localhost ~]$ 
[abhiram@localhost ~]$ 
[abhiram@localhost ~]$ pwd
/home/abhiram
[abhiram@localhost ~]$ 
[abhiram@localhost ~]$ 
[abhiram@localhost ~]$ 
[abhiram@localhost ~]$ ls
Desktop  Documents  Downloads  Music  Pictures  Public  Templates  Videos
[abhiram@localhost ~]$ 
[abhiram@localhost ~]$ 
[abhiram@localhost ~]$ ls -l
total 20
drwxr-xr-x. 7 abhiram abhiram 4096 Nov 18 10:43 Desktop
drwxr-xr-x. 3 abhiram abhiram   28 Nov 15 15:17 Documents
drwxr-xr-x. 3 abhiram abhiram 4096 Nov 18 16:15 Downloads
drwxr-xr-x. 2 abhiram abhiram    6 Nov 15 13:40 Music
drwxr-xr-x. 2 abhiram abhiram 8192 Nov 15 19:18 Pictures
drwxr-xr-x. 2 abhiram abhiram    6 Nov 15 13:40 Public
drwxr-xr-x. 2 abhiram abhiram    6 Nov 15 13:40 Templates
drwxr-xr-x. 2 abhiram abhiram    6 Nov 15 13:40 Videos
[abhiram@localhost ~]$ 
[abhiram@localhost ~]$ 
[abhiram@localhost ~]$ 
[abhiram@localhost ~]$ vi abhiram.txt
[abhiram@localhost ~]$ 
[abhiram@localhost ~]$ 
[abhiram@localhost ~]$ 
[abhiram@localhost ~]$ cat abhiram.txt
Abhiram
Javalli
Tudoor
Thirthahalli
Shimoga
Karnataka
577226
[abhiram@localhost ~]$ 
[abhiram@localhost ~]$ 
[abhiram@localhost ~]$ ls -ltr
total 24
drwxr-xr-x. 2 abhiram abhiram    6 Nov 15 13:40 Templates
drwxr-xr-x. 2 abhiram abhiram    6 Nov 15 13:40 Public
drwxr-xr-x. 2 abhiram abhiram    6 Nov 15 13:40 Music
drwxr-xr-x. 2 abhiram abhiram    6 Nov 15 13:40 Videos
drwxr-xr-x. 3 abhiram abhiram   28 Nov 15 15:17 Documents
drwxr-xr-x. 2 abhiram abhiram 8192 Nov 15 19:18 Pictures
drwxr-xr-x. 7 abhiram abhiram 4096 Nov 18 10:43 Desktop
drwxr-xr-x. 3 abhiram abhiram 4096 Nov 18 16:15 Downloads
-rw-r--r--. 1 abhiram abhiram   61 Nov 18 16:46 abhiram.txt
[abhiram@localhost ~]$ 
[abhiram@localhost ~]$ 
[abhiram@localhost ~]$ ls -l abhiram.txt
-rw-r--r--. 1 abhiram abhiram 61 Nov 18 16:46 abhiram.txt
[abhiram@localhost ~]$ 
[abhiram@localhost ~]$ 
[abhiram@localhost ~]$ 
[abhiram@localhost ~]$ chmod u-w abhiram.txt
[abhiram@localhost ~]$ 
[abhiram@localhost ~]$ 
[abhiram@localhost ~]$ ls -l abhiram.txt
-r--r--r--. 1 abhiram abhiram 61 Nov 18 16:46 abhiram.txt
[abhiram@localhost ~]$ 
[abhiram@localhost ~]$ 
[abhiram@localhost ~]$ 
[abhiram@localhost ~]$ chmod u-r abhiram.txt
[abhiram@localhost ~]$ 
[abhiram@localhost ~]$ 
[abhiram@localhost ~]$ ls -l abhiram.txt
----r--r--. 1 abhiram abhiram 67 Nov 18 16:54 abhiram.txt
[abhiram@localhost ~]$ 
[abhiram@localhost ~]$ 
[abhiram@localhost ~]$ chmod g-r abhiram.txt
[abhiram@localhost ~]$ 
[abhiram@localhost ~]$ 
[abhiram@localhost ~]$ ls -l abhiram.txt
-------r--. 1 abhiram abhiram 67 Nov 18 16:54 abhiram.txt
[abhiram@localhost ~]$ 
[abhiram@localhost ~]$ 
[abhiram@localhost ~]$ chmod o-r abhiram.txt
[abhiram@localhost ~]$ 
[abhiram@localhost ~]$ 
[abhiram@localhost ~]$ ls -l abhiram.txt
----------. 1 abhiram abhiram 67 Nov 18 16:54 abhiram.txt
[abhiram@localhost ~]$ 
[abhiram@localhost ~]$ 
[abhiram@localhost ~]$ 
[abhiram@localhost ~]$ cat abhiram.txt
cat: abhiram.txt: Permission denied
[abhiram@localhost ~]$ 
[abhiram@localhost ~]$ 
[abhiram@localhost ~]$ 
[abhiram@localhost ~]$ chmod u+w abhiram.txt
[abhiram@localhost ~]$ 
[abhiram@localhost ~]$ 
[abhiram@localhost ~]$ ls -l abhiram.txt
--w-------. 1 abhiram abhiram 67 Nov 18 16:54 abhiram.txt
[abhiram@localhost ~]$ 
[abhiram@localhost ~]$ 
[abhiram@localhost ~]$ chmod g+w abhiram.txt
[abhiram@localhost ~]$ 
[abhiram@localhost ~]$ 
[abhiram@localhost ~]$ ls -l abhiram.txt
--w--w----. 1 abhiram abhiram 67 Nov 18 16:54 abhiram.txt
[abhiram@localhost ~]$ 
[abhiram@localhost ~]$ 
[abhiram@localhost ~]$ 
[abhiram@localhost ~]$ chmod o+w abhiram.txt
[abhiram@localhost ~]$ 
[abhiram@localhost ~]$ 
[abhiram@localhost ~]$ ls -l abhiram.txt
--w--w--w-. 1 abhiram abhiram 67 Nov 18 16:54 abhiram.txt
[abhiram@localhost ~]$ 
[abhiram@localhost ~]$ 
[abhiram@localhost ~]$ 
[abhiram@localhost ~]$ chmod u+r abhiram.txt
[abhiram@localhost ~]$ 
[abhiram@localhost ~]$ 
[abhiram@localhost ~]$ ls -l abhiram.txt
-rw--w--w-. 1 abhiram abhiram 67 Nov 18 16:54 abhiram.txt
[abhiram@localhost ~]$ 
[abhiram@localhost ~]$ 
[abhiram@localhost ~]$ 
[abhiram@localhost ~]$ chmod g+r abhiram.txt
[abhiram@localhost ~]$ 
[abhiram@localhost ~]$ 
[abhiram@localhost ~]$ ls -l abhiram.txt
-rw-rw--w-. 1 abhiram abhiram 67 Nov 18 16:54 abhiram.txt
[abhiram@localhost ~]$ 
[abhiram@localhost ~]$ 
[abhiram@localhost ~]$ 
[abhiram@localhost ~]$ chmod o+r abhiram.txt
[abhiram@localhost ~]$ 
[abhiram@localhost ~]$ 
[abhiram@localhost ~]$ ls -l abhiram.txt
-rw-rw-rw-. 1 abhiram abhiram 67 Nov 18 16:54 abhiram.txt
[abhiram@localhost ~]$ 
[abhiram@localhost ~]$ 
[abhiram@localhost ~]$ 
[abhiram@localhost ~]$ chmod u+x abhiram.txt
[abhiram@localhost ~]$ 
[abhiram@localhost ~]$ 
[abhiram@localhost ~]$ ls -l abhiram.txt
-rwxrw-rw-. 1 abhiram abhiram 67 Nov 18 16:54 abhiram.txt
[abhiram@localhost ~]$ 
[abhiram@localhost ~]$ 
[abhiram@localhost ~]$ chmod g+x abhiram.txt
[abhiram@localhost ~]$ 
[abhiram@localhost ~]$ 
[abhiram@localhost ~]$ ls -l abhiram.txt
-rwxrwxrw-. 1 abhiram abhiram 67 Nov 18 16:54 abhiram.txt
[abhiram@localhost ~]$ 
[abhiram@localhost ~]$ 
[abhiram@localhost ~]$ 
[abhiram@localhost ~]$ chmod o+x abhiram.txt
[abhiram@localhost ~]$ 
[abhiram@localhost ~]$ 
[abhiram@localhost ~]$ 
[abhiram@localhost ~]$ ls -l abhiram.txt
-rwxrwxrwx. 1 abhiram abhiram 67 Nov 18 16:54 abhiram.txt
[abhiram@localhost ~]$ 
[abhiram@localhost ~]$ 
[abhiram@localhost ~]$ 
[abhiram@localhost ~]$ 
[abhiram@localhost ~]$ chmod a-w abhiram.txt
[abhiram@localhost ~]$ 
[abhiram@localhost ~]$ 
[abhiram@localhost ~]$ ls -l abhiram.txt
-r-xr-xr-x. 1 abhiram abhiram 67 Nov 18 16:54 abhiram.txt
[abhiram@localhost ~]$ 
[abhiram@localhost ~]$ 
[abhiram@localhost ~]$
[abhiram@localhost ~]$ chmod a-r abhiram.txt
[abhiram@localhost ~]$ 
[abhiram@localhost ~]$ 
[abhiram@localhost ~]$ ls -l abhiram.txt
---x--x--x. 1 abhiram abhiram 67 Nov 18 16:54 abhiram.txt
[abhiram@localhost ~]$ 
[abhiram@localhost ~]$ 
[abhiram@localhost ~]$ 
[abhiram@localhost ~]$
[abhiram@localhost ~]$ chmod a-x abhiram.txt
[abhiram@localhost ~]$ 
[abhiram@localhost ~]$ 
[abhiram@localhost ~]$ ls -l abhiram.txt
----------. 1 abhiram abhiram 67 Nov 18 16:54 abhiram.txt
[abhiram@localhost ~]$ 
[abhiram@localhost ~]$ 
[abhiram@localhost ~]$ 
[abhiram@localhost ~]$ chmod a+rwx abhiram.txt
[abhiram@localhost ~]$ 
[abhiram@localhost ~]$ 
[abhiram@localhost ~]$ 
[abhiram@localhost ~]$ ls -l abhiram.txt
-rwxrwxrwx. 1 abhiram abhiram 67 Nov 18 16:54 abhiram.txt
[abhiram@localhost ~]$ 
[abhiram@localhost ~]$ 
[abhiram@localhost ~]$ 
[abhiram@localhost ~]$ mkdir Abhiram 
[abhiram@localhost ~]$ 
[abhiram@localhost ~]$ 
[abhiram@localhost ~]$ 
[abhiram@localhost ~]$ ls -ltr
total 24
drwxr-xr-x. 2 abhiram abhiram    6 Nov 15 13:40 Templates
drwxr-xr-x. 2 abhiram abhiram    6 Nov 15 13:40 Public
drwxr-xr-x. 2 abhiram abhiram    6 Nov 15 13:40 Music
drwxr-xr-x. 2 abhiram abhiram    6 Nov 15 13:40 Videos
drwxr-xr-x. 3 abhiram abhiram   28 Nov 15 15:17 Documents
drwxr-xr-x. 2 abhiram abhiram 8192 Nov 15 19:18 Pictures
drwxr-xr-x. 7 abhiram abhiram 4096 Nov 18 10:43 Desktop
drwxr-xr-x. 3 abhiram abhiram 4096 Nov 18 16:15 Downloads
-rwxrwxrwx. 1 abhiram abhiram   67 Nov 18 16:54 abhiram.txt
drwxr-xr-x. 2 abhiram abhiram    6 Nov 18 17:54 Abhiram
[abhiram@localhost ~]$ 
[abhiram@localhost ~]$ 
[abhiram@localhost ~]$ 
[abhiram@localhost ~]$ chmod a-rwx Abhiram
[abhiram@localhost ~]$ 
[abhiram@localhost ~]$ 
[abhiram@localhost ~]$ 
[abhiram@localhost ~]$ ls -ltr
total 24
drwxr-xr-x. 2 abhiram abhiram    6 Nov 15 13:40 Templates
drwxr-xr-x. 2 abhiram abhiram    6 Nov 15 13:40 Public
drwxr-xr-x. 2 abhiram abhiram    6 Nov 15 13:40 Music
drwxr-xr-x. 2 abhiram abhiram    6 Nov 15 13:40 Videos
drwxr-xr-x. 3 abhiram abhiram   28 Nov 15 15:17 Documents
drwxr-xr-x. 2 abhiram abhiram 8192 Nov 15 19:18 Pictures
drwxr-xr-x. 7 abhiram abhiram 4096 Nov 18 10:43 Desktop
drwxr-xr-x. 3 abhiram abhiram 4096 Nov 18 16:15 Downloads
-rwxrwxrwx. 1 abhiram abhiram   67 Nov 18 16:54 abhiram.txt
d---------. 2 abhiram abhiram    6 Nov 18 17:54 Abhiram
[abhiram@localhost ~]$ 
[abhiram@localhost ~]$ 
[abhiram@localhost ~]$ 
[abhiram@localhost ~]$ cd Abhiram
bash: cd: Abhiram: Permission denied
[abhiram@localhost ~]$ 
[abhiram@localhost ~]$ 
[abhiram@localhost ~]$ 