[abhiram@localhost ~]$ cp /var/log/messages .
cp: cannot open '/var/log/messages' for reading: Permission denied
[abhiram@localhost ~]$ 
[abhiram@localhost ~]$ 
[abhiram@localhost ~]$ 
[abhiram@localhost ~]$ whoami
abhiram
[abhiram@localhost ~]$ 
[abhiram@localhost ~]$ 
[abhiram@localhost ~]$ pwd
/home/abhiram
[abhiram@localhost ~]$ 
[abhiram@localhost ~]$ 
[abhiram@localhost ~]$ su -
Password: 
[root@localhost ~]# 
[root@localhost ~]# 
[root@localhost ~]# pwd
/root
[root@localhost ~]# 
[root@localhost ~]# 
[root@localhost ~]# 
[root@localhost ~]# cp /var/log/messages /home/abhiram
[root@localhost ~]# 
[root@localhost ~]# 
[root@localhost ~]# 
[root@localhost ~]# exit
logout
[abhiram@localhost ~]$ 
[abhiram@localhost ~]$ 
[abhiram@localhost ~]$ 
