[abhiram@localhost ~]$ whoami
abhiram
[abhiram@localhost ~]$ 
[abhiram@localhost ~]$ 
[abhiram@localhost ~]$ pwd
/home/abhiram
[abhiram@localhost ~]$ 
[abhiram@localhost ~]$ 
[abhiram@localhost ~]$ hostname
localhost.localdomain
[abhiram@localhost ~]$ 
[abhiram@localhost ~]$ 
[abhiram@localhost ~]$ 
[abhiram@localhost ~]$ su - lakshmi
Password: 
[lakshmi@localhost ~]$ 
[lakshmi@localhost ~]$ 
[lakshmi@localhost ~]$ whoami
lakshmi
[lakshmi@localhost ~]$ 
[lakshmi@localhost ~]$ 
[lakshmi@localhost ~]$
[abhiram@localhost ~]$ sudo wall
[sudo] password for abhiram: 
Abhi
wall: /dev/seat0: No such file or directory
[lakshmi@localhost ~]$
[lakshmi@localhost ~]$
[lakshmi@localhost ~]$
[abhiram@localhost ~]$ whoami
abhiram
[abhiram@localhost ~]$ 
[abhiram@localhost ~]$ 
[abhiram@localhost ~]$ write lakshmi
write: lakshmi is not logged in
[abhiram@localhost ~]$ 
[abhiram@localhost ~]$ 
[abhiram@localhost ~]$ 
[abhiram@localhost ~]$ su - lakshmi
Password: 
[lakshmi@localhost ~]$ 
[lakshmi@localhost ~]$ 
[lakshmi@localhost ~]$ 
[abhiram@localhost ~]$ write lakshmi
write: lakshmi is not logged in
[abhiram@localhost ~]$ 
[abhiram@localhost ~]$ 
[abhiram@localhost ~]$ 